Child(id=c253ae9c-a44c-405c-9e00-7eac99b81e60, firstName=Alice, middleName=Marie, lastName=Smith, birthCity=Paradise, birthDate=19/03/2017, gender=Girl, address=Address(number=123, street=Sunny Street, city=Paradise, countryId=99))